// Jest Snapshot v1, https://goo.gl/fbAQLP

exports[`Pruebas en <GifGridItem /> debe de mostrar <GifGridItem /> correctamente 1`] = `
<div
  className="card animate__animated animate__bounce"
>
  <img
    alt="Mi titulo"
    src="http://localhost:3000"
  />
  <p>
    Mi titulo
  </p>
</div>
`;
